// Jest Snapshot v1, https://goo.gl/fbAQLP

exports[`Dashboard.vue renders the view 1`] = `<div class="Dashboard"></div>`;
